// Jest Snapshot v1, https://goo.gl/fbAQLP

exports[`renders correctly 1`] = `
<View
  accessibilityState={
    {
      "busy": undefined,
      "checked": undefined,
      "disabled": undefined,
      "expanded": undefined,
      "selected": undefined,
    }
  }
  accessibilityValue={
    {
      "max": undefined,
      "min": undefined,
      "now": undefined,
      "text": undefined,
    }
  }
  accessible={true}
  collapsable={false}
  focusable={true}
  onBlur={[Function]}
  onClick={[Function]}
  onFocus={[Function]}
  onResponderGrant={[Function]}
  onResponderMove={[Function]}
  onResponderRelease={[Function]}
  onResponderTerminate={[Function]}
  onResponderTerminationRequest={[Function]}
  onStartShouldSetResponder={[Function]}
  style={
    [
      {
        "borderBottomLeftRadius": 8,
        "borderBottomRightRadius": 8,
        "borderTopLeftRadius": 8,
        "borderTopRightRadius": 8,
      },
      {
        "borderBottomWidth": 1,
        "borderLeftWidth": 1,
        "borderRightWidth": 1,
        "borderTopWidth": 1,
      },
      {
        "borderBottomColor": "#e5e7eb",
        "borderLeftColor": "#e5e7eb",
        "borderRightColor": "#e5e7eb",
        "borderTopColor": "#e5e7eb",
      },
      {
        "backgroundColor": "#fff",
      },
      {
        "paddingTop": 8,
      },
      {
        "paddingBottom": 8,
      },
      {
        "paddingLeft": 16,
      },
      {
        "paddingRight": 16,
      },
    ]
  }
>
  <RNSVGSvgView
    align="xMidYMid"
    bbHeight="24px"
    bbWidth="24px"
    fill="black"
    focusable={false}
    height="24px"
    meetOrSlice={0}
    minX={0}
    minY={0}
    style={
      [
        {
          "backgroundColor": "transparent",
          "borderWidth": 0,
        },
        {
          "flex": 0,
          "height": 24,
          "width": 24,
        },
      ]
    }
    vbHeight={24}
    vbWidth={24}
    width="24px"
  >
    <RNSVGGroup
      fill={
        {
          "payload": 4278190080,
          "type": 0,
        }
      }
      propList={
        [
          "fill",
        ]
      }
    >
      <RNSVGPath
        d="M12 4.248c-3.148-5.402-12-3.825-12 2.944 0 4.661 5.571 9.427 12 15.808 6.43-6.381 12-11.147 12-15.808 0-6.792-8.875-8.306-12-2.944z"
      />
    </RNSVGGroup>
  </RNSVGSvgView>
</View>
`;
